MPLINK 5.09, LINKER
Linker Map File - Created Fri Aug 27 09:14:48 2021

                                 Section Info
                  Section       Type    Address   Location Size(Bytes)
                ---------  ---------  ---------  ---------  ---------
                   .org_0       code   0x000000    program   0x00004e
                   .cinit    romdata   0x000027    program   0x000004
.config_2007_BUILD/DEFAULT/PRODUCTION/TRAFFIC       code   0x002007    program   0x000002



                              Program Memory Usage 
                               Start         End      
                           ---------   ---------      
                            0x000000    0x000028      
                            0x002007    0x002007      
            42 out of 8454 program addresses used, program memory utilization is 0%



                              Symbols - Sorted by Name
                     Name    Address   Location    Storage File                     
                ---------  ---------  ---------  --------- ---------                
                    LOOP1   0x00000c    program     static C:\Users\User\MPLABXProjects\traffic assembly.X\trafficassembly codes.asm
                    LOOP2   0x000020    program     static C:\Users\User\MPLABXProjects\traffic assembly.X\trafficassembly codes.asm
                    LOOP3   0x00000e    program     static C:\Users\User\MPLABXProjects\traffic assembly.X\trafficassembly codes.asm
                    LOOP4   0x000016    program     static C:\Users\User\MPLABXProjects\traffic assembly.X\trafficassembly codes.asm
                    LOOP5   0x000018    program     static C:\Users\User\MPLABXProjects\traffic assembly.X\trafficassembly codes.asm
                    LOOP6   0x000022    program     static C:\Users\User\MPLABXProjects\traffic assembly.X\trafficassembly codes.asm
                    START   0x000008    program     static C:\Users\User\MPLABXProjects\traffic assembly.X\trafficassembly codes.asm



                              Symbols - Sorted by Address
                     Name    Address   Location    Storage File                     
                ---------  ---------  ---------  --------- ---------                
                    START   0x000008    program     static C:\Users\User\MPLABXProjects\traffic assembly.X\trafficassembly codes.asm
                    LOOP1   0x00000c    program     static C:\Users\User\MPLABXProjects\traffic assembly.X\trafficassembly codes.asm
                    LOOP3   0x00000e    program     static C:\Users\User\MPLABXProjects\traffic assembly.X\trafficassembly codes.asm
                    LOOP4   0x000016    program     static C:\Users\User\MPLABXProjects\traffic assembly.X\trafficassembly codes.asm
                    LOOP5   0x000018    program     static C:\Users\User\MPLABXProjects\traffic assembly.X\trafficassembly codes.asm
                    LOOP2   0x000020    program     static C:\Users\User\MPLABXProjects\traffic assembly.X\trafficassembly codes.asm
                    LOOP6   0x000022    program     static C:\Users\User\MPLABXProjects\traffic assembly.X\trafficassembly codes.asm


